
> clinical-critical-calculator@2.0.0 build
> next build

   Γû▓ Next.js 14.0.4

   Creating an optimized production build ...
> [PWA] Compile server
> [PWA] Compile server
> [PWA] Compile client (static)
> [PWA] Auto register service worker with: C:\Users\user\Documents\CRITICAL CARE CALCULATOR\node_modules\next-pwa\register.js
> [PWA] Service worker: C:\Users\user\Documents\CRITICAL CARE CALCULATOR\public\sw.js
> [PWA]   url: /sw.js
> [PWA]   scope: /
> [PWA] Fallback to precache routes when fetch failed from cache or network:
> [PWA]   document (page): /offline
